OpenAlex filter: 2446 partition(s) under /home/alex/discovery_hub/data/openalex_snapshot/works
  keep concepts=['C71924100', 'C86803240'] domains=['Health Sciences', 'Life Sciences'] min_score=0.3 require_abstract=True max=none
  [238/2446] scanned=2,145,778 kept=364,878 (19,764/s)
  [245/2446] scanned=4,159,416 kept=599,451 (20,846/s)
  [252/2446] scanned=6,171,119 kept=833,735 (21,302/s)
  [259/2446] scanned=8,186,651 kept=1,068,996 (21,515/s)
  [266/2446] scanned=10,201,409 kept=1,304,089 (21,644/s)
  [273/2446] scanned=12,213,077 kept=1,538,337 (21,752/s)
  [280/2446] scanned=14,227,309 kept=1,773,337 (21,812/s)
  [287/2446] scanned=16,352,419 kept=2,019,925 (21,874/s)
  [294/2446] scanned=18,251,869 kept=2,241,606 (21,911/s)
  [301/2446] scanned=20,264,964 kept=2,475,416 (21,939/s)
  [308/2446] scanned=22,277,951 kept=2,709,759 (21,962/s)
  [314/2446] scanned=24,004,677 kept=2,910,530 (21,979/s)
  [321/2446] scanned=26,018,381 kept=3,144,747 (21,998/s)
  [328/2446] scanned=28,029,432 kept=3,379,672 (22,011/s)
  [335/2446] scanned=30,041,772 kept=3,613,689 (22,024/s)
  [342/2446] scanned=32,049,870 kept=3,847,420 (22,041/s)
  [349/2446] scanned=34,065,007 kept=4,082,511 (22,051/s)
  [356/2446] scanned=36,076,626 kept=4,317,026 (22,064/s)
  [363/2446] scanned=38,087,465 kept=4,550,335 (22,078/s)
  [370/2446] scanned=40,101,936 kept=4,785,144 (22,086/s)
  [377/2446] scanned=42,115,534 kept=5,019,769 (22,092/s)
  [384/2446] scanned=44,129,765 kept=5,254,385 (22,101/s)
  [391/2446] scanned=46,142,594 kept=5,489,152 (22,101/s)
  [426/2446] scanned=48,232,823 kept=5,793,386 (22,016/s)
  [436/2446] scanned=50,126,160 kept=6,094,072 (21,896/s)
  [448/2446] scanned=52,020,629 kept=6,395,484 (21,793/s)
  [461/2446] scanned=54,062,560 kept=6,720,362 (21,691/s)
  [472/2446] scanned=56,355,204 kept=7,085,712 (21,583/s)
  [482/2446] scanned=58,395,834 kept=7,411,521 (21,490/s)
  [492/2446] scanned=60,034,735 kept=7,670,772 (21,429/s)
  [503/2446] scanned=62,218,848 kept=8,018,287 (21,342/s)
  [513/2446] scanned=64,111,886 kept=8,318,658 (21,279/s)
  [523/2446] scanned=66,006,727 kept=8,620,026 (21,219/s)
  [534/2446] scanned=68,045,174 kept=8,944,238 (21,154/s)
  [544/2446] scanned=70,084,802 kept=9,268,021 (21,096/s)
  [554/2446] scanned=72,378,430 kept=9,633,224 (21,036/s)
  [563/2446] scanned=74,016,999 kept=9,894,354 (20,993/s)
  [573/2446] scanned=76,020,081 kept=10,211,430 (20,945/s)
  [584/2446] scanned=78,096,180 kept=10,541,930 (20,900/s)
  [593/2446] scanned=80,136,561 kept=10,866,705 (20,857/s)
  [605/2446] scanned=82,030,738 kept=11,168,194 (20,819/s)
  [618/2446] scanned=84,070,855 kept=11,493,303 (20,780/s)
  [629/2446] scanned=86,108,781 kept=11,817,485 (20,745/s)
  [638/2446] scanned=88,001,676 kept=12,118,654 (20,712/s)
  [648/2446] scanned=90,044,113 kept=12,442,956 (20,679/s)
  [659/2446] scanned=92,084,662 kept=12,767,203 (20,647/s)
  [670/2446] scanned=94,124,783 kept=13,091,511 (20,615/s)
  [680/2446] scanned=96,021,203 kept=13,393,712 (20,587/s)
  [690/2446] scanned=98,061,951 kept=13,717,965 (20,560/s)
  [701/2446] scanned=100,100,528 kept=14,042,295 (20,534/s)
  [711/2446] scanned=102,140,959 kept=14,366,652 (20,508/s)
  [719/2446] scanned=104,035,546 kept=14,667,804 (20,484/s)
  [732/2446] scanned=106,073,547 kept=14,992,390 (20,460/s)
  [743/2446] scanned=108,115,012 kept=15,317,568 (20,435/s)
  [753/2446] scanned=110,154,978 kept=15,642,009 (20,413/s)
  [766/2446] scanned=112,049,266 kept=15,942,741 (20,395/s)
  [776/2446] scanned=114,088,243 kept=16,267,280 (20,375/s)
  [785/2446] scanned=116,130,306 kept=16,592,704 (20,354/s)
  [794/2446] scanned=118,278,847 kept=16,935,748 (20,333/s)
  [806/2446] scanned=120,208,373 kept=17,241,534 (20,317/s)
  [816/2446] scanned=122,101,455 kept=17,542,921 (20,300/s)
  [826/2446] scanned=124,146,115 kept=17,868,185 (20,285/s)
  [837/2446] scanned=126,039,359 kept=18,168,572 (20,270/s)
  [848/2446] scanned=128,076,380 kept=18,493,284 (20,255/s)
  [858/2446] scanned=130,114,812 kept=18,817,291 (20,239/s)
  [866/2446] scanned=132,007,324 kept=19,118,318 (20,226/s)
  [876/2446] scanned=134,048,381 kept=19,443,140 (20,213/s)
  [886/2446] scanned=136,197,019 kept=19,784,976 (20,197/s)
  [898/2446] scanned=138,126,229 kept=20,092,065 (20,184/s)
  [911/2446] scanned=140,018,346 kept=20,394,244 (20,172/s)
  [923/2446] scanned=142,057,653 kept=20,719,283 (20,160/s)
  [934/2446] scanned=144,059,131 kept=21,037,345 (20,148/s)
  [947/2446] scanned=146,138,084 kept=21,369,219 (20,136/s)
  [957/2446] scanned=148,031,099 kept=21,670,482 (20,123/s)
  [969/2446] scanned=150,071,286 kept=21,995,578 (20,112/s)
  [981/2446] scanned=152,255,113 kept=22,342,727 (20,100/s)
  [991/2446] scanned=154,004,598 kept=22,620,583 (20,091/s)
  [1004/2446] scanned=156,045,599 kept=22,944,828 (20,081/s)
  [1015/2446] scanned=158,087,206 kept=23,269,685 (20,071/s)
  [1026/2446] scanned=160,124,353 kept=23,594,231 (20,061/s)
  [1035/2446] scanned=162,017,276 kept=23,895,657 (20,052/s)
  [1045/2446] scanned=164,058,157 kept=24,219,818 (20,044/s)
  [1057/2446] scanned=166,204,677 kept=24,561,258 (20,035/s)
  [1069/2446] scanned=168,281,140 kept=24,890,538 (20,026/s)
  [1079/2446] scanned=170,032,701 kept=25,169,821 (20,019/s)
  [1090/2446] scanned=172,073,226 kept=25,494,797 (20,011/s)
  [1099/2446] scanned=174,115,970 kept=25,819,667 (20,003/s)
  [1109/2446] scanned=176,120,206 kept=26,138,815 (19,994/s)
  [1121/2446] scanned=178,049,749 kept=26,445,522 (19,987/s)
  [1132/2446] scanned=180,234,651 kept=26,793,616 (19,979/s)
  [1141/2446] scanned=182,127,215 kept=27,094,331 (19,971/s)
  [1153/2446] scanned=184,023,094 kept=27,395,773 (19,964/s)
  [1164/2446] scanned=186,062,581 kept=27,720,813 (19,958/s)
  [1176/2446] scanned=188,101,077 kept=28,044,751 (19,950/s)
  [1189/2446] scanned=190,141,783 kept=28,370,525 (19,943/s)
  [1199/2446] scanned=192,035,925 kept=28,672,673 (19,936/s)
  [1209/2446] scanned=194,077,103 kept=28,998,291 (19,930/s)
  [1221/2446] scanned=196,261,023 kept=29,345,426 (19,923/s)
  [1231/2446] scanned=198,009,938 kept=29,623,595 (19,919/s)
  [1240/2446] scanned=200,049,217 kept=29,947,748 (19,913/s)
  [1252/2446] scanned=202,088,499 kept=30,271,807 (19,907/s)
  [1262/2446] scanned=204,238,760 kept=30,614,190 (19,901/s)
  [1272/2446] scanned=206,023,242 kept=30,897,827 (19,896/s)
  [1281/2446] scanned=208,026,203 kept=31,216,450 (19,891/s)
  [1291/2446] scanned=210,103,498 kept=31,546,861 (19,886/s)
  [1302/2446] scanned=212,251,350 kept=31,888,504 (19,880/s)
  [1313/2446] scanned=214,183,480 kept=32,196,017 (19,875/s)
  [1323/2446] scanned=216,038,897 kept=32,492,205 (19,871/s)
  [1333/2446] scanned=218,077,811 kept=32,817,806 (19,865/s)
  [1342/2446] scanned=220,006,902 kept=33,122,179 (19,861/s)
  [1353/2446] scanned=222,046,203 kept=33,446,393 (19,856/s)
  [1365/2446] scanned=224,230,296 kept=33,792,900 (19,851/s)
  [1377/2446] scanned=226,122,691 kept=34,093,141 (19,847/s)
  [1387/2446] scanned=228,014,620 kept=34,394,036 (19,843/s)
  [1396/2446] scanned=230,055,487 kept=34,719,842 (19,838/s)
  [1405/2446] scanned=232,094,905 kept=35,044,066 (19,833/s)
  [1417/2446] scanned=234,135,075 kept=35,368,516 (19,828/s)
  [1426/2446] scanned=236,032,691 kept=35,670,744 (19,824/s)
  [1435/2446] scanned=238,070,520 kept=35,994,763 (19,821/s)
  [1446/2446] scanned=240,110,282 kept=36,319,154 (19,817/s)
  [1456/2446] scanned=242,005,738 kept=36,620,364 (19,813/s)
  [1467/2446] scanned=244,046,597 kept=36,944,759 (19,809/s)
  [1478/2446] scanned=246,087,990 kept=37,269,897 (19,805/s)
  [1489/2446] scanned=248,128,991 kept=37,594,508 (19,801/s)
  [1500/2446] scanned=250,024,796 kept=37,896,533 (19,798/s)
  [1514/2446] scanned=252,114,536 kept=38,121,297 (19,827/s)
  [1525/2446] scanned=254,113,118 kept=38,215,852 (19,899/s)
  [1537/2446] scanned=256,216,493 kept=38,296,517 (19,974/s)
  [1544/2446] scanned=258,295,285 kept=38,325,704 (20,058/s)
  [1557/2446] scanned=260,174,040 kept=38,493,839 (20,081/s)
  [1564/2446] scanned=262,021,135 kept=38,660,271 (20,099/s)
  [1570/2446] scanned=264,005,113 kept=38,877,553 (20,106/s)
  [1585/2446] scanned=266,221,265 kept=39,262,186 (20,058/s)
  [1592/2446] scanned=268,358,680 kept=39,594,512 (20,024/s)
  [1597/2446] scanned=270,253,457 kept=40,299,319 (19,783/s)
  [1602/2446] scanned=272,145,672 kept=41,003,703 (19,551/s)
  [1607/2446] scanned=274,039,945 kept=41,709,442 (19,327/s)
  [1613/2446] scanned=276,314,603 kept=42,556,333 (19,069/s)
  [1618/2446] scanned=278,015,364 kept=43,093,729 (18,931/s)
  [1633/2446] scanned=280,396,852 kept=43,440,111 (18,905/s)
  [1640/2446] scanned=282,135,285 kept=43,578,710 (18,926/s)
  [1650/2446] scanned=284,192,418 kept=43,787,346 (18,952/s)
  [1657/2446] scanned=286,152,291 kept=44,000,549 (18,969/s)
  [1664/2446] scanned=288,114,653 kept=44,214,739 (18,987/s)
  [1671/2446] scanned=290,071,523 kept=44,427,462 (19,004/s)
  [1678/2446] scanned=292,029,751 kept=44,641,728 (19,021/s)
  [1686/2446] scanned=294,269,790 kept=44,885,530 (19,040/s)
  [1692/2446] scanned=296,065,991 kept=45,079,340 (19,056/s)
  [1699/2446] scanned=298,024,942 kept=45,297,043 (19,071/s)
  [1707/2446] scanned=300,140,951 kept=45,525,942 (19,090/s)
  [1714/2446] scanned=302,099,093 kept=45,738,976 (19,106/s)
  [1721/2446] scanned=304,054,629 kept=45,952,111 (19,122/s)
  [1728/2446] scanned=306,015,352 kept=46,165,607 (19,137/s)
  [1736/2446] scanned=308,252,313 kept=46,409,485 (19,154/s)
  [1743/2446] scanned=310,210,254 kept=46,622,563 (19,170/s)
  [1750/2446] scanned=312,167,904 kept=46,835,723 (19,185/s)
  [1757/2446] scanned=314,125,400 kept=47,049,013 (19,200/s)
  [1764/2446] scanned=316,085,024 kept=47,262,134 (19,215/s)
  [1771/2446] scanned=318,043,968 kept=47,475,538 (19,229/s)
  [1778/2446] scanned=320,002,997 kept=47,688,201 (19,244/s)
  [1786/2446] scanned=322,244,338 kept=47,932,328 (19,260/s)
  [1793/2446] scanned=324,202,080 kept=48,146,238 (19,275/s)
  [1800/2446] scanned=326,158,822 kept=48,359,483 (19,288/s)
  [1807/2446] scanned=328,121,857 kept=48,576,617 (19,303/s)
  [1814/2446] scanned=330,111,187 kept=48,812,511 (19,319/s)
  [1821/2446] scanned=332,101,692 kept=49,048,011 (19,336/s)
  [1828/2446] scanned=334,093,796 kept=49,284,511 (19,352/s)
  [1835/2446] scanned=336,085,101 kept=49,519,713 (19,369/s)
  [1842/2446] scanned=338,076,399 kept=49,755,995 (19,385/s)
  [1849/2446] scanned=340,067,463 kept=49,991,055 (19,401/s)
  [1856/2446] scanned=342,058,918 kept=50,227,173 (19,417/s)
  [1863/2446] scanned=344,289,728 kept=51,507,167 (19,317/s)
  [1869/2446] scanned=346,205,858 kept=52,607,124 (19,233/s)
  [1875/2446] scanned=348,120,119 kept=53,704,328 (19,152/s)
  [1881/2446] scanned=350,036,222 kept=54,802,501 (19,071/s)
  [1893/2446] scanned=352,304,755 kept=55,293,368 (19,076/s)
  [1898/2446] scanned=354,012,988 kept=55,836,158 (19,061/s)
  [1905/2446] scanned=356,078,941 kept=56,183,666 (19,071/s)
  [1917/2446] scanned=358,045,835 kept=56,557,939 (19,057/s)
  [1925/2446] scanned=360,207,699 kept=57,071,481 (19,017/s)
  [1931/2446] scanned=362,110,805 kept=57,361,410 (19,009/s)
  [1937/2446] scanned=364,096,448 kept=57,764,894 (18,981/s)
  [1945/2446] scanned=366,352,275 kept=58,404,300 (18,930/s)
  [1951/2446] scanned=368,156,795 kept=58,771,776 (18,930/s)
  [1958/2446] scanned=370,026,105 kept=59,098,759 (18,929/s)
  [1966/2446] scanned=372,162,917 kept=59,471,706 (18,929/s)
  [1973/2446] scanned=374,033,496 kept=59,799,605 (18,929/s)
  [1983/2446] scanned=376,035,647 kept=60,169,126 (18,910/s)
  [1992/2446] scanned=378,113,053 kept=60,623,419 (18,854/s)
  [1999/2446] scanned=380,090,602 kept=61,002,840 (18,816/s)
  [2008/2446] scanned=382,027,142 kept=61,102,974 (18,856/s)
  [2017/2446] scanned=384,085,962 kept=61,165,674 (18,909/s)
  [2024/2446] scanned=386,007,047 kept=61,302,869 (18,938/s)
  [2031/2446] scanned=388,108,032 kept=61,391,395 (18,992/s)
  [2044/2446] scanned=390,063,828 kept=61,607,688 (19,011/s)
  [2055/2446] scanned=392,042,819 kept=62,214,531 (18,962/s)
  [2064/2446] scanned=394,131,815 kept=62,503,955 (18,966/s)
  [2071/2446] scanned=396,115,182 kept=63,074,916 (18,933/s)
  [2084/2446] scanned=398,057,929 kept=63,610,883 (18,883/s)
  [2092/2446] scanned=400,059,262 kept=64,415,457 (18,758/s)
  [2099/2446] scanned=402,363,111